// Jest Snapshot v1, https://goo.gl/fbAQLP

exports[`renders without crashing 1`] = `
<div
  class="Component-root"
>
  <header
    class="MuiPaper-root MuiPaper-elevation4 MuiAppBar-root MuiAppBar-positionStatic MuiAppBar-colorPrimary"
  >
    <div
      class="MuiToolbar-root MuiToolbar-gutters"
    >
      <h2
        class="MuiTypography-root MuiTypography-title MuiTypography-colorInherit Component-flex"
      >
        Robust React App
      </h2>
      <div
        class="MuiFormControl-root"
      >
        <div
          class="MuiInput-root Component-textFieldRoot MuiInput-formControl"
        >
          <input
            aria-invalid="false"
            aria-required="false"
            class="MuiInput-input Component-textFieldInput MuiInput-inputType MuiInput-inputTypeSearch"
            placeholder="Search"
            type="search"
            value=""
          />
        </div>
      </div>
    </div>
  </header>
  <div
    class="Component-root"
  >
    <div
      class="Component-container"
    >
      <div
        class="MuiPaper-root MuiPaper-elevation2 MuiPaper-rounded Component-paper"
      >
        <ul
          class="MuiList-root MuiList-padding"
        >
          <li
            class="MuiButtonBase-root MuiListItem-root MuiListItem-default MuiListItem-gutters MuiListItem-button MuiMenuItem-root"
            role="menuitem"
            tabindex="-1"
          >
            20
            <span
              class="MuiTouchRipple-root"
            />
          </li>
          <li
            class="MuiButtonBase-root MuiListItem-root MuiListItem-default MuiListItem-gutters MuiListItem-button MuiMenuItem-root"
            role="menuitem"
            tabindex="-1"
          >
            19
            <span
              class="MuiTouchRipple-root"
            />
          </li>
          <li
            class="MuiButtonBase-root MuiListItem-root MuiListItem-default MuiListItem-gutters MuiListItem-button MuiMenuItem-root"
            role="menuitem"
            tabindex="-1"
          >
            18
            <span
              class="MuiTouchRipple-root"
            />
          </li>
          <li
            class="MuiButtonBase-root MuiListItem-root MuiListItem-default MuiListItem-gutters MuiListItem-button MuiMenuItem-root"
            role="menuitem"
            tabindex="-1"
          >
            17
            <span
              class="MuiTouchRipple-root"
            />
          </li>
          <li
            class="MuiButtonBase-root MuiListItem-root MuiListItem-default MuiListItem-gutters MuiListItem-button MuiMenuItem-root"
            role="menuitem"
            tabindex="-1"
          >
            16
            <span
              class="MuiTouchRipple-root"
            />
          </li>
          <li
            class="MuiButtonBase-root MuiListItem-root MuiListItem-default MuiListItem-gutters MuiListItem-button MuiMenuItem-root"
            role="menuitem"
            tabindex="-1"
          >
            15
            <span
              class="MuiTouchRipple-root"
            />
          </li>
          <li
            class="MuiButtonBase-root MuiListItem-root MuiListItem-default MuiListItem-gutters MuiListItem-button MuiMenuItem-root"
            role="menuitem"
            tabindex="-1"
          >
            14
            <span
              class="MuiTouchRipple-root"
            />
          </li>
          <li
            class="MuiButtonBase-root MuiListItem-root MuiListItem-default MuiListItem-gutters MuiListItem-button MuiMenuItem-root"
            role="menuitem"
            tabindex="-1"
          >
            13
            <span
              class="MuiTouchRipple-root"
            />
          </li>
          <li
            class="MuiButtonBase-root MuiListItem-root MuiListItem-default MuiListItem-gutters MuiListItem-button MuiMenuItem-root"
            role="menuitem"
            tabindex="-1"
          >
            12
            <span
              class="MuiTouchRipple-root"
            />
          </li>
          <li
            class="MuiButtonBase-root MuiListItem-root MuiListItem-default MuiListItem-gutters MuiListItem-button MuiMenuItem-root"
            role="menuitem"
            tabindex="-1"
          >
            11
            <span
              class="MuiTouchRipple-root"
            />
          </li>
          <li
            class="MuiButtonBase-root MuiListItem-root MuiListItem-default MuiListItem-gutters MuiListItem-button MuiMenuItem-root"
            role="menuitem"
            tabindex="-1"
          >
            10
            <span
              class="MuiTouchRipple-root"
            />
          </li>
          <li
            class="MuiButtonBase-root MuiListItem-root MuiListItem-default MuiListItem-gutters MuiListItem-button MuiMenuItem-root"
            role="menuitem"
            tabindex="-1"
          >
            9
            <span
              class="MuiTouchRipple-root"
            />
          </li>
          <li
            class="MuiButtonBase-root MuiListItem-root MuiListItem-default MuiListItem-gutters MuiListItem-button MuiMenuItem-root"
            role="menuitem"
            tabindex="-1"
          >
            8
            <span
              class="MuiTouchRipple-root"
            />
          </li>
          <li
            class="MuiButtonBase-root MuiListItem-root MuiListItem-default MuiListItem-gutters MuiListItem-button MuiMenuItem-root"
            role="menuitem"
            tabindex="-1"
          >
            7
            <span
              class="MuiTouchRipple-root"
            />
          </li>
          <li
            class="MuiButtonBase-root MuiListItem-root MuiListItem-default MuiListItem-gutters MuiListItem-button MuiMenuItem-root"
            role="menuitem"
            tabindex="-1"
          >
            6
            <span
              class="MuiTouchRipple-root"
            />
          </li>
          <li
            class="MuiButtonBase-root MuiListItem-root MuiListItem-default MuiListItem-gutters MuiListItem-button MuiMenuItem-root"
            role="menuitem"
            tabindex="-1"
          >
            5
            <span
              class="MuiTouchRipple-root"
            />
          </li>
          <li
            class="MuiButtonBase-root MuiListItem-root MuiListItem-default MuiListItem-gutters MuiListItem-button MuiMenuItem-root"
            role="menuitem"
            tabindex="-1"
          >
            4
            <span
              class="MuiTouchRipple-root"
            />
          </li>
          <li
            class="MuiButtonBase-root MuiListItem-root MuiListItem-default MuiListItem-gutters MuiListItem-button MuiMenuItem-root"
            role="menuitem"
            tabindex="-1"
          >
            3
            <span
              class="MuiTouchRipple-root"
            />
          </li>
          <li
            class="MuiButtonBase-root MuiListItem-root MuiListItem-default MuiListItem-gutters MuiListItem-button MuiMenuItem-root"
            role="menuitem"
            tabindex="-1"
          >
            2
            <span
              class="MuiTouchRipple-root"
            />
          </li>
          <li
            class="MuiButtonBase-root MuiListItem-root MuiListItem-default MuiListItem-gutters MuiListItem-button MuiMenuItem-root"
            role="menuitem"
            tabindex="-1"
          >
            1
            <span
              class="MuiTouchRipple-root"
            />
          </li>
        </ul>
      </div>
    </div>
  </div>
  <footer
    class="MuiPaper-root MuiPaper-elevation4 MuiAppBar-root MuiAppBar-positionStatic MuiAppBar-colorPrimary"
  >
    <div
      class="MuiToolbar-root MuiToolbar-gutters"
    >
      <h2
        class="MuiTypography-root MuiTypography-title MuiTypography-colorInherit"
      >
        Footer
      </h2>
    </div>
  </footer>
</div>
`;
