// Jest Snapshot v1, https://goo.gl/fbAQLP

exports[`Unified | StoryDecorators centerPaper should match snapshot 1`] = `
<div
  style="padding: 16px 0px; background-color: rgb(221, 221, 221); display: flex;"
>
  <div
    style="max-width: 300px;"
  >
    <div
      class="MuiPaper-root MuiPaper-elevation2 MuiPaper-rounded"
    >
      <div>
        Story
      </div>
    </div>
  </div>
</div>
`;
