// Jest Snapshot v1, https://goo.gl/fbAQLP

exports[`renders without crashing 1`] = `
<div
  class="Component-root"
>
  <header
    class="MuiPaper-root MuiPaper-elevation4 MuiAppBar-root MuiAppBar-positionStatic MuiAppBar-colorPrimary"
  >
    <div
      class="MuiToolbar-root MuiToolbar-gutters"
    >
      <h2
        class="MuiTypography-root MuiTypography-title MuiTypography-colorInherit Header-flex"
      >
        Robust React App
      </h2>
      <div
        class="MuiFormControl-root"
      >
        <div
          class="MuiInput-root Search-root MuiInput-formControl"
        >
          <input
            aria-invalid="false"
            aria-required="false"
            class="MuiInput-input Search-input MuiInput-inputType MuiInput-inputTypeSearch"
            placeholder="Search"
            type="search"
            value=""
          />
        </div>
      </div>
    </div>
  </header>
  <div
    class="Component-root"
  >
    <div
      class="MuiPaper-root MuiPaper-elevation2 MuiPaper-rounded Component-paper"
    >
      <ul
        class="MuiList-root MuiList-padding"
      >
        <li
          class="MuiButtonBase-root MuiListItem-root MuiListItem-default MuiListItem-gutters MuiListItem-button MuiMenuItem-root"
          role="menuitem"
          tabindex="-1"
        >
          Philippines
          <span
            class="MuiTouchRipple-root"
          />
        </li>
        <li
          class="MuiButtonBase-root MuiListItem-root MuiListItem-default MuiListItem-gutters MuiListItem-button MuiMenuItem-root"
          role="menuitem"
          tabindex="-1"
        >
          Puerto Rico
          <span
            class="MuiTouchRipple-root"
          />
        </li>
        <li
          class="MuiButtonBase-root MuiListItem-root MuiListItem-default MuiListItem-gutters MuiListItem-button MuiMenuItem-root"
          role="menuitem"
          tabindex="-1"
        >
          Eritrea
          <span
            class="MuiTouchRipple-root"
          />
        </li>
        <li
          class="MuiButtonBase-root MuiListItem-root MuiListItem-default MuiListItem-gutters MuiListItem-button MuiMenuItem-root"
          role="menuitem"
          tabindex="-1"
        >
          Ireland
          <span
            class="MuiTouchRipple-root"
          />
        </li>
        <li
          class="MuiButtonBase-root MuiListItem-root MuiListItem-default MuiListItem-gutters MuiListItem-button MuiMenuItem-root"
          role="menuitem"
          tabindex="-1"
        >
          Côte d'Ivoire
          <span
            class="MuiTouchRipple-root"
          />
        </li>
        <li
          class="MuiButtonBase-root MuiListItem-root MuiListItem-default MuiListItem-gutters MuiListItem-button MuiMenuItem-root"
          role="menuitem"
          tabindex="-1"
        >
          Paraguay
          <span
            class="MuiTouchRipple-root"
          />
        </li>
        <li
          class="MuiButtonBase-root MuiListItem-root MuiListItem-default MuiListItem-gutters MuiListItem-button MuiMenuItem-root"
          role="menuitem"
          tabindex="-1"
        >
          Marshall Islands
          <span
            class="MuiTouchRipple-root"
          />
        </li>
        <li
          class="MuiButtonBase-root MuiListItem-root MuiListItem-default MuiListItem-gutters MuiListItem-button MuiMenuItem-root"
          role="menuitem"
          tabindex="-1"
        >
          Qatar
          <span
            class="MuiTouchRipple-root"
          />
        </li>
        <li
          class="MuiButtonBase-root MuiListItem-root MuiListItem-default MuiListItem-gutters MuiListItem-button MuiMenuItem-root"
          role="menuitem"
          tabindex="-1"
        >
          Réunion
          <span
            class="MuiTouchRipple-root"
          />
        </li>
        <li
          class="MuiButtonBase-root MuiListItem-root MuiListItem-default MuiListItem-gutters MuiListItem-button MuiMenuItem-root"
          role="menuitem"
          tabindex="-1"
        >
          Lebanon
          <span
            class="MuiTouchRipple-root"
          />
        </li>
        <li
          class="MuiButtonBase-root MuiListItem-root MuiListItem-default MuiListItem-gutters MuiListItem-button MuiMenuItem-root"
          role="menuitem"
          tabindex="-1"
        >
          Iraq
          <span
            class="MuiTouchRipple-root"
          />
        </li>
        <li
          class="MuiButtonBase-root MuiListItem-root MuiListItem-default MuiListItem-gutters MuiListItem-button MuiMenuItem-root"
          role="menuitem"
          tabindex="-1"
        >
          Slovenia
          <span
            class="MuiTouchRipple-root"
          />
        </li>
        <li
          class="MuiButtonBase-root MuiListItem-root MuiListItem-default MuiListItem-gutters MuiListItem-button MuiMenuItem-root"
          role="menuitem"
          tabindex="-1"
        >
          Wallis & Futuna
          <span
            class="MuiTouchRipple-root"
          />
        </li>
        <li
          class="MuiButtonBase-root MuiListItem-root MuiListItem-default MuiListItem-gutters MuiListItem-button MuiMenuItem-root"
          role="menuitem"
          tabindex="-1"
        >
          Iceland
          <span
            class="MuiTouchRipple-root"
          />
        </li>
        <li
          class="MuiButtonBase-root MuiListItem-root MuiListItem-default MuiListItem-gutters MuiListItem-button MuiMenuItem-root"
          role="menuitem"
          tabindex="-1"
        >
          Papua New Guinea
          <span
            class="MuiTouchRipple-root"
          />
        </li>
        <li
          class="MuiButtonBase-root MuiListItem-root MuiListItem-default MuiListItem-gutters MuiListItem-button MuiMenuItem-root"
          role="menuitem"
          tabindex="-1"
        >
          Moldova
          <span
            class="MuiTouchRipple-root"
          />
        </li>
        <li
          class="MuiButtonBase-root MuiListItem-root MuiListItem-default MuiListItem-gutters MuiListItem-button MuiMenuItem-root"
          role="menuitem"
          tabindex="-1"
        >
          Kyrgyzstan
          <span
            class="MuiTouchRipple-root"
          />
        </li>
        <li
          class="MuiButtonBase-root MuiListItem-root MuiListItem-default MuiListItem-gutters MuiListItem-button MuiMenuItem-root"
          role="menuitem"
          tabindex="-1"
        >
          Burkina Faso
          <span
            class="MuiTouchRipple-root"
          />
        </li>
        <li
          class="MuiButtonBase-root MuiListItem-root MuiListItem-default MuiListItem-gutters MuiListItem-button MuiMenuItem-root"
          role="menuitem"
          tabindex="-1"
        >
          Haiti
          <span
            class="MuiTouchRipple-root"
          />
        </li>
        <li
          class="MuiButtonBase-root MuiListItem-root MuiListItem-default MuiListItem-gutters MuiListItem-button MuiMenuItem-root"
          role="menuitem"
          tabindex="-1"
        >
          Hong Kong SAR China
          <span
            class="MuiTouchRipple-root"
          />
        </li>
      </ul>
    </div>
  </div>
  <footer
    class="MuiPaper-root MuiPaper-elevation4 MuiAppBar-root MuiAppBar-positionStatic MuiAppBar-colorPrimary"
  >
    <div
      class="MuiToolbar-root MuiToolbar-gutters"
    >
      <h2
        class="MuiTypography-root MuiTypography-title MuiTypography-colorInherit"
      >
        Footer
      </h2>
    </div>
  </footer>
</div>
`;
