// Jest Snapshot v1, https://goo.gl/fbAQLP

exports[`renders without crashing 1`] = `
<header
  class="MuiPaper-root MuiPaper-elevation4 MuiAppBar-root MuiAppBar-positionStatic MuiAppBar-colorPrimary"
>
  <div
    class="MuiToolbar-root MuiToolbar-gutters"
  >
    <h2
      class="MuiTypography-root MuiTypography-title MuiTypography-colorInherit Header-flex"
    >
      Robust React App
    </h2>
    <div
      class="MuiFormControl-root"
    >
      <div
        class="MuiInput-root Search-root MuiInput-formControl"
      >
        <input
          aria-invalid="false"
          aria-required="false"
          class="MuiInput-input Search-input MuiInput-inputType MuiInput-inputTypeSearch"
          placeholder="Search"
          type="search"
          value=""
        />
      </div>
    </div>
  </div>
</header>
`;
