// Jest Snapshot v1, https://goo.gl/fbAQLP

exports[`renders without crashing 1`] = `
<div
  class="MuiFormControl-root"
>
  <div
    class="MuiInput-root Component-root MuiInput-formControl"
  >
    <input
      aria-invalid="false"
      aria-required="false"
      class="MuiInput-input Component-input MuiInput-inputType MuiInput-inputTypeSearch"
      placeholder="Search"
      type="search"
      value=""
    />
  </div>
</div>
`;
